==2156262== Memcheck, a memory error detector
==2156262== Copyright (C) 2002-2017, and GNU GPL'd, by Julian Seward et al.
==2156262== Using Valgrind-3.18.1 and LibVEX; rerun with -h for copyright info
==2156262== Command: ./philo 200 2000 200 200 2
==2156262== Parent PID: 2150665
==2156262== 
==2156262== Invalid free() / delete / delete[] / realloc()
==2156262==    at 0x484B27F: free (in /usr/libexec/valgrind/vgpreload_memcheck-amd64-linux.so)
==2156262==    by 0x401BEF: ft_free_table (free.c:49)
==2156262==    by 0x401299: main (main.c:34)
==2156262==  Address 0x4aa1fc0 is 0 bytes inside a block of size 16,000 free'd
==2156262==    at 0x484B27F: free (in /usr/libexec/valgrind/vgpreload_memcheck-amd64-linux.so)
==2156262==    by 0x401BD5: ft_free_table (free.c:46)
==2156262==    by 0x401299: main (main.c:34)
==2156262==  Block was alloc'd at
==2156262==    at 0x4848899: malloc (in /usr/libexec/valgrind/vgpreload_memcheck-amd64-linux.so)
==2156262==    by 0x401422: ft_init_philo (init.c:49)
==2156262==    by 0x401257: main (main.c:27)
==2156262== 
==2156262== Invalid free() / delete / delete[] / realloc()
==2156262==    at 0x484B27F: free (in /usr/libexec/valgrind/vgpreload_memcheck-amd64-linux.so)
==2156262==    by 0x401BF8: ft_free_table (free.c:50)
==2156262==    by 0x401299: main (main.c:34)
==2156262==  Address 0x1fff000088 is on thread 1's stack
==2156262==  in frame #2, created by main (main.c:16)
==2156262== 
==2156262== 
==2156262== HEAP SUMMARY:
==2156262==     in use at exit: 0 bytes in 0 blocks
==2156262==   total heap usage: 204 allocs, 206 frees, 79,696 bytes allocated
==2156262== 
==2156262== All heap blocks were freed -- no leaks are possible
==2156262== 
==2156262== For lists of detected and suppressed errors, rerun with: -s
==2156262== ERROR SUMMARY: 2 errors from 2 contexts (suppressed: 0 from 0)
